Command line invocation:
    /Applications/Xcode.app/Contents/Developer/usr/bin/xcodebuild -scheme PlanYourPerfectDay -destination "platform=iOS Simulator,id=4B69A9C7-12EF-4DEC-A0F6-B70219D4B20A" -derivedDataPath .build build

Resolve Package Graph
2026-01-26 03:21:11.416 xcodebuild[30896:4488692] [MT] IDERunDestination: Supported platforms for the buildables in the current scheme is empty.


Resolved source packages:
  PlanYourPerfectDay: /Users/carlos/LondonDayPlanner-1/ios-native
  Alamofire: https://github.com/Alamofire/Alamofire.git @ 5.11.0
  Kingfisher: https://github.com/onevcat/Kingfisher.git @ 7.12.0

ComputePackagePrebuildTargetDependencyGraph

Prepare packages

CreateBuildRequest

SendProjectDescription

CreateBuildOperation

ComputeTargetDependencyGraph
note: Building targets in dependency order
note: Target dependency graph (8 targets)
    Target 'PlanYourPerfectDay' in project 'PlanYourPerfectDay'
        ➜ Explicit dependency on target 'PlanYourPerfectDay_PlanYourPerfectDay' in project 'PlanYourPerfectDay'
        ➜ Explicit dependency on target 'Alamofire' in project 'Alamofire'
        ➜ Explicit dependency on target 'Kingfisher' in project 'Kingfisher'
    Target 'Kingfisher' in project 'Kingfisher'
        ➜ Explicit dependency on target 'Kingfisher' in project 'Kingfisher'
        ➜ Explicit dependency on target 'Kingfisher_Kingfisher' in project 'Kingfisher'
    Target 'Kingfisher' in project 'Kingfisher'
        ➜ Explicit dependency on target 'Kingfisher_Kingfisher' in project 'Kingfisher'
    Target 'Kingfisher_Kingfisher' in project 'Kingfisher' (no dependencies)
    Target 'Alamofire' in project 'Alamofire'
        ➜ Explicit dependency on target 'Alamofire' in project 'Alamofire'
        ➜ Explicit dependency on target 'Alamofire_Alamofire' in project 'Alamofire'
    Target 'Alamofire' in project 'Alamofire'
        ➜ Explicit dependency on target 'Alamofire_Alamofire' in project 'Alamofire'
    Target 'Alamofire_Alamofire' in project 'Alamofire' (no dependencies)
    Target 'PlanYourPerfectDay_PlanYourPerfectDay' in project 'PlanYourPerfectDay' (no dependencies)

GatherProvisioningInputs

CreateBuildDescription

ExecuteExternalTool /Applications/Xcode.app/Contents/Developer/Toolchains/XcodeDefault.xctoolchain/usr/bin/clang -v -E -dM -isysroot /Applications/Xcode.app/Contents/Developer/Platforms/iPhoneSimulator.platform/Developer/SDKs/iPhoneSimulator26.2.sdk -x c -c /dev/null

ExecuteExternalTool /Applications/Xcode.app/Contents/Developer/Toolchains/XcodeDefault.xctoolchain/usr/bin/swiftc --version

ExecuteExternalTool /Applications/Xcode.app/Contents/Developer/Toolchains/XcodeDefault.xctoolchain/usr/bin/ld -version_details

Build description signature: c2567ace9751bf3b41b939c159bcd6e4
Build description path: /Users/carlos/LondonDayPlanner-1/ios-native/.build/Build/Intermediates.noindex/XCBuildData/c2567ace9751bf3b41b939c159bcd6e4.xcbuilddata
ClangStatCache /Applications/Xcode.app/Contents/Developer/Toolchains/XcodeDefault.xctoolchain/usr/bin/clang-stat-cache /Applications/Xcode.app/Contents/Developer/Platforms/iPhoneSimulator.platform/Developer/SDKs/iPhoneSimulator26.2.sdk /Users/carlos/LondonDayPlanner-1/ios-native/.build/SDKStatCaches.noindex/iphonesimulator26.2-23C53-7d00a8b37fbd7999ea79df8ebc024bf0.sdkstatcache
    cd /Users/carlos/LondonDayPlanner-1/ios-native/.swiftpm/xcode
    /Applications/Xcode.app/Contents/Developer/Toolchains/XcodeDefault.xctoolchain/usr/bin/clang-stat-cache /Applications/Xcode.app/Contents/Developer/Platforms/iPhoneSimulator.platform/Developer/SDKs/iPhoneSimulator26.2.sdk -o /Users/carlos/LondonDayPlanner-1/ios-native/.build/SDKStatCaches.noindex/iphonesimulator26.2-23C53-7d00a8b37fbd7999ea79df8ebc024bf0.sdkstatcache

ProcessInfoPlistFile /Users/carlos/LondonDayPlanner-1/ios-native/.build/Build/Products/Debug-iphonesimulator/Alamofire_Alamofire.bundle/Info.plist /Users/carlos/LondonDayPlanner-1/ios-native/.build/Build/Intermediates.noindex/Alamofire.build/Debug-iphonesimulator/Alamofire_Alamofire.build/empty-Alamofire_Alamofire.plist (in target 'Alamofire_Alamofire' from project 'Alamofire')
    cd /Users/carlos/LondonDayPlanner-1/ios-native/.build/SourcePackages/checkouts/Alamofire
    builtin-infoPlistUtility /Users/carlos/LondonDayPlanner-1/ios-native/.build/Build/Intermediates.noindex/Alamofire.build/Debug-iphonesimulator/Alamofire_Alamofire.build/empty-Alamofire_Alamofire.plist -producttype com.apple.product-type.bundle -expandbuildsettings -format binary -platform iphonesimulator -o /Users/carlos/LondonDayPlanner-1/ios-native/.build/Build/Products/Debug-iphonesimulator/Alamofire_Alamofire.bundle/Info.plist

ProcessProductPackaging "" /Users/carlos/LondonDayPlanner-1/ios-native/.build/Build/Intermediates.noindex/PlanYourPerfectDay.build/Debug-iphonesimulator/PlanYourPerfectDay.build/PlanYourPerfectDay-Simulated.xcent (in target 'PlanYourPerfectDay' from project 'PlanYourPerfectDay')
    cd /Users/carlos/LondonDayPlanner-1/ios-native
    
    Entitlements:
    
    {
    "application-identifier" = "S9X3N4KYL4.ios-native.PlanYourPerfectDay";
}
    
    builtin-productPackagingUtility -entitlements -format xml -o /Users/carlos/LondonDayPlanner-1/ios-native/.build/Build/Intermediates.noindex/PlanYourPerfectDay.build/Debug-iphonesimulator/PlanYourPerfectDay.build/PlanYourPerfectDay-Simulated.xcent

ProcessInfoPlistFile /Users/carlos/LondonDayPlanner-1/ios-native/.build/Build/Products/Debug-iphonesimulator/PlanYourPerfectDay_PlanYourPerfectDay.bundle/Info.plist /Users/carlos/LondonDayPlanner-1/ios-native/.build/Build/Intermediates.noindex/PlanYourPerfectDay.build/Debug-iphonesimulator/PlanYourPerfectDay_PlanYourPerfectDay.build/empty-PlanYourPerfectDay_PlanYourPerfectDay.plist (in target 'PlanYourPerfectDay_PlanYourPerfectDay' from project 'PlanYourPerfectDay')
    cd /Users/carlos/LondonDayPlanner-1/ios-native
    builtin-infoPlistUtility /Users/carlos/LondonDayPlanner-1/ios-native/.build/Build/Intermediates.noindex/PlanYourPerfectDay.build/Debug-iphonesimulator/PlanYourPerfectDay_PlanYourPerfectDay.build/empty-PlanYourPerfectDay_PlanYourPerfectDay.plist -producttype com.apple.product-type.bundle -expandbuildsettings -format binary -platform iphonesimulator -o /Users/carlos/LondonDayPlanner-1/ios-native/.build/Build/Products/Debug-iphonesimulator/PlanYourPerfectDay_PlanYourPerfectDay.bundle/Info.plist

ProcessInfoPlistFile /Users/carlos/LondonDayPlanner-1/ios-native/.build/Build/Products/Debug-iphonesimulator/Kingfisher_Kingfisher.bundle/Info.plist /Users/carlos/LondonDayPlanner-1/ios-native/.build/Build/Intermediates.noindex/Kingfisher.build/Debug-iphonesimulator/Kingfisher_Kingfisher.build/empty-Kingfisher_Kingfisher.plist (in target 'Kingfisher_Kingfisher' from project 'Kingfisher')
    cd /Users/carlos/LondonDayPlanner-1/ios-native/.build/SourcePackages/checkouts/Kingfisher
    builtin-infoPlistUtility /Users/carlos/LondonDayPlanner-1/ios-native/.build/Build/Intermediates.noindex/Kingfisher.build/Debug-iphonesimulator/Kingfisher_Kingfisher.build/empty-Kingfisher_Kingfisher.plist -producttype com.apple.product-type.bundle -expandbuildsettings -format binary -platform iphonesimulator -o /Users/carlos/LondonDayPlanner-1/ios-native/.build/Build/Products/Debug-iphonesimulator/Kingfisher_Kingfisher.bundle/Info.plist

ProcessProductPackagingDER /Users/carlos/LondonDayPlanner-1/ios-native/.build/Build/Intermediates.noindex/PlanYourPerfectDay.build/Debug-iphonesimulator/PlanYourPerfectDay.build/PlanYourPerfectDay-Simulated.xcent /Users/carlos/LondonDayPlanner-1/ios-native/.build/Build/Intermediates.noindex/PlanYourPerfectDay.build/Debug-iphonesimulator/PlanYourPerfectDay.build/PlanYourPerfectDay-Simulated.xcent.der (in target 'PlanYourPerfectDay' from project 'PlanYourPerfectDay')
    cd /Users/carlos/LondonDayPlanner-1/ios-native
    /usr/bin/derq query -f xml -i /Users/carlos/LondonDayPlanner-1/ios-native/.build/Build/Intermediates.noindex/PlanYourPerfectDay.build/Debug-iphonesimulator/PlanYourPerfectDay.build/PlanYourPerfectDay-Simulated.xcent -o /Users/carlos/LondonDayPlanner-1/ios-native/.build/Build/Intermediates.noindex/PlanYourPerfectDay.build/Debug-iphonesimulator/PlanYourPerfectDay.build/PlanYourPerfectDay-Simulated.xcent.der --raw

SwiftDriver PlanYourPerfectDay normal arm64 com.apple.xcode.tools.swift.compiler (in target 'PlanYourPerfectDay' from project 'PlanYourPerfectDay')
    cd /Users/carlos/LondonDayPlanner-1/ios-native/.swiftpm/xcode
    builtin-SwiftDriver -- /Applications/Xcode.app/Contents/Developer/Toolchains/XcodeDefault.xctoolchain/usr/bin/swiftc -module-name PlanYourPerfectDay -Onone -enforce-exclusivity\=checked @/Users/carlos/LondonDayPlanner-1/ios-native/.build/Build/Intermediates.noindex/PlanYourPerfectDay.build/Debug-iphonesimulator/PlanYourPerfectDay.build/Objects-normal/arm64/PlanYourPerfectDay.SwiftFileList -DSWIFT_PACKAGE -DDEBUG -DSWIFT_MODULE_RESOURCE_BUNDLE_AVAILABLE -DXcode -plugin-path /Applications/Xcode.app/Contents/Developer/Toolchains/XcodeDefault.xctoolchain/usr/lib/swift/host/plugins/testing -enable-experimental-feature DebugDescriptionMacro -sdk /Applications/Xcode.app/Contents/Developer/Platforms/iPhoneSimulator.platform/Developer/SDKs/iPhoneSimulator26.2.sdk -target arm64-apple-ios26.0-simulator -g -module-cache-path /Users/carlos/LondonDayPlanner-1/ios-native/.build/ModuleCache.noindex -Xfrontend -serialize-debugging-options -profile-coverage-mapping -profile-generate -enable-testing -index-store-path /Users/carlos/LondonDayPlanner-1/ios-native/.build/Index.noindex/DataStore -Xcc -D_LIBCPP_HARDENING_MODE\=_LIBCPP_HARDENING_MODE_DEBUG -swift-version 6 -I /Users/carlos/LondonDayPlanner-1/ios-native/.build/Build/Products/Debug-iphonesimulator -Isystem /Applications/Xcode.app/Contents/Developer/Platforms/iPhoneSimulator.platform/Developer/usr/lib -F /Users/carlos/LondonDayPlanner-1/ios-native/.build/Build/Products/Debug-iphonesimulator/PackageFrameworks -F /Users/carlos/LondonDayPlanner-1/ios-native/.build/Build/Products/Debug-iphonesimulator/PackageFrameworks -F /Users/carlos/LondonDayPlanner-1/ios-native/.build/Build/Products/Debug-iphonesimulator -F /Applications/Xcode.app/Contents/Developer/Platforms/iPhoneSimulator.platform/Developer/Library/Frameworks -F /Applications/Xcode.app/Contents/Developer/Platforms/iPhoneSimulator.platform/Developer/SDKs/iPhoneSimulator26.2.sdk/Developer/Library/Frameworks -c -j10 -enable-batch-mode -incremental -Xcc -ivfsstatcache -Xcc /Users/carlos/LondonDayPlanner-1/ios-native/.build/SDKStatCaches.noindex/iphonesimulator26.2-23C53-7d00a8b37fbd7999ea79df8ebc024bf0.sdkstatcache -output-file-map /Users/carlos/LondonDayPlanner-1/ios-native/.build/Build/Intermediates.noindex/PlanYourPerfectDay.build/Debug-iphonesimulator/PlanYourPerfectDay.build/Objects-normal/arm64/PlanYourPerfectDay-OutputFileMap.json -use-frontend-parseable-output -save-temps -no-color-diagnostics -explicit-module-build -module-cache-path /Users/carlos/LondonDayPlanner-1/ios-native/.build/Build/Intermediates.noindex/SwiftExplicitPrecompiledModules -clang-scanner-module-cache-path /Users/carlos/LondonDayPlanner-1/ios-native/.build/ModuleCache.noindex -sdk-module-cache-path /Users/carlos/LondonDayPlanner-1/ios-native/.build/ModuleCache.noindex -serialize-diagnostics -emit-dependencies -emit-module -emit-module-path /Users/carlos/LondonDayPlanner-1/ios-native/.build/Build/Intermediates.noindex/PlanYourPerfectDay.build/Debug-iphonesimulator/PlanYourPerfectDay.build/Objects-normal/arm64/PlanYourPerfectDay.swiftmodule -validate-clang-modules-once -clang-build-session-file /Users/carlos/LondonDayPlanner-1/ios-native/.build/ModuleCache.noindex/Session.modulevalidation -package-name ios_native -emit-const-values -Xfrontend -const-gather-protocols-file -Xfrontend /Users/carlos/LondonDayPlanner-1/ios-native/.build/Build/Intermediates.noindex/PlanYourPerfectDay.build/Debug-iphonesimulator/PlanYourPerfectDay.build/Objects-normal/arm64/PlanYourPerfectDay_const_extract_protocols.json -Xcc -I/Users/carlos/LondonDayPlanner-1/ios-native/.build/Build/Products/Debug-iphonesimulator/include -Xcc -I/Users/carlos/LondonDayPlanner-1/ios-native/.build/Build/Intermediates.noindex/PlanYourPerfectDay.build/Debug-iphonesimulator/PlanYourPerfectDay.build/DerivedSources-normal/arm64 -Xcc -I/Users/carlos/LondonDayPlanner-1/ios-native/.build/Build/Intermediates.noindex/PlanYourPerfectDay.build/Debug-iphonesimulator/PlanYourPerfectDay.build/DerivedSources/arm64 -Xcc -I/Users/carlos/LondonDayPlanner-1/ios-native/.build/Build/Intermediates.noindex/PlanYourPerfectDay.build/Debug-iphonesimulator/PlanYourPerfectDay.build/DerivedSources -Xcc -DSWIFT_PACKAGE -Xcc -DDEBUG\=1 -working-directory /Users/carlos/LondonDayPlanner-1/ios-native/.swiftpm/xcode -experimental-emit-module-separately -disable-cmo
/Users/carlos/LondonDayPlanner-1/ios-native/Sources/Views/HomeView.swift:440:1: error: expected '}' in struct

^
/Users/carlos/LondonDayPlanner-1/ios-native/Sources/Views/HomeView.swift:290:28: note: to match this opening '{'
struct PlansInputRow: View {
                           ^
/Users/carlos/LondonDayPlanner-1/ios-native/Sources/Views/HomeView.swift:440:1: error: Expected '}' in struct

^ (in target 'PlanYourPerfectDay' from project 'PlanYourPerfectDay')
/Users/carlos/LondonDayPlanner-1/ios-native/Sources/Views/HomeView.swift:290:28: note: To match this opening '{'
struct PlansInputRow: View {
                           ^ (in target 'PlanYourPerfectDay' from project 'PlanYourPerfectDay')

** BUILD FAILED **


The following build commands failed:
	SwiftDriver PlanYourPerfectDay normal arm64 com.apple.xcode.tools.swift.compiler (in target 'PlanYourPerfectDay' from project 'PlanYourPerfectDay')
	Building workspace ios-native with scheme PlanYourPerfectDay
(2 failures)
