Command line invocation:
    /Applications/Xcode.app/Contents/Developer/usr/bin/xcodebuild -scheme PlanYourPerfectDay -destination "platform=iOS Simulator,id=4B69A9C7-12EF-4DEC-A0F6-B70219D4B20A" -derivedDataPath .build build

Resolve Package Graph
2026-01-26 03:06:30.351 xcodebuild[28771:4464741] [MT] IDERunDestination: Supported platforms for the buildables in the current scheme is empty.


Resolved source packages:
  Kingfisher: https://github.com/onevcat/Kingfisher.git @ 7.12.0
  Alamofire: https://github.com/Alamofire/Alamofire.git @ 5.11.0
  PlanYourPerfectDay: /Users/carlos/LondonDayPlanner-1/ios-native

ComputePackagePrebuildTargetDependencyGraph

Prepare packages

CreateBuildRequest

SendProjectDescription

CreateBuildOperation

ComputeTargetDependencyGraph
note: Building targets in dependency order
note: Target dependency graph (8 targets)
    Target 'PlanYourPerfectDay' in project 'PlanYourPerfectDay'
        ➜ Explicit dependency on target 'PlanYourPerfectDay_PlanYourPerfectDay' in project 'PlanYourPerfectDay'
        ➜ Explicit dependency on target 'Alamofire' in project 'Alamofire'
        ➜ Explicit dependency on target 'Kingfisher' in project 'Kingfisher'
    Target 'Kingfisher' in project 'Kingfisher'
        ➜ Explicit dependency on target 'Kingfisher' in project 'Kingfisher'
        ➜ Explicit dependency on target 'Kingfisher_Kingfisher' in project 'Kingfisher'
    Target 'Kingfisher' in project 'Kingfisher'
        ➜ Explicit dependency on target 'Kingfisher_Kingfisher' in project 'Kingfisher'
    Target 'Kingfisher_Kingfisher' in project 'Kingfisher' (no dependencies)
    Target 'Alamofire' in project 'Alamofire'
        ➜ Explicit dependency on target 'Alamofire' in project 'Alamofire'
        ➜ Explicit dependency on target 'Alamofire_Alamofire' in project 'Alamofire'
    Target 'Alamofire' in project 'Alamofire'
        ➜ Explicit dependency on target 'Alamofire_Alamofire' in project 'Alamofire'
    Target 'Alamofire_Alamofire' in project 'Alamofire' (no dependencies)
    Target 'PlanYourPerfectDay_PlanYourPerfectDay' in project 'PlanYourPerfectDay' (no dependencies)

GatherProvisioningInputs

CreateBuildDescription

ClangStatCache /Applications/Xcode.app/Contents/Developer/Toolchains/XcodeDefault.xctoolchain/usr/bin/clang-stat-cache /Applications/Xcode.app/Contents/Developer/Platforms/iPhoneSimulator.platform/Developer/SDKs/iPhoneSimulator26.2.sdk /Users/carlos/LondonDayPlanner-1/ios-native/.build/SDKStatCaches.noindex/iphonesimulator26.2-23C53-7d00a8b37fbd7999ea79df8ebc024bf0.sdkstatcache
    cd /Users/carlos/LondonDayPlanner-1/ios-native/.swiftpm/xcode
    /Applications/Xcode.app/Contents/Developer/Toolchains/XcodeDefault.xctoolchain/usr/bin/clang-stat-cache /Applications/Xcode.app/Contents/Developer/Platforms/iPhoneSimulator.platform/Developer/SDKs/iPhoneSimulator26.2.sdk -o /Users/carlos/LondonDayPlanner-1/ios-native/.build/SDKStatCaches.noindex/iphonesimulator26.2-23C53-7d00a8b37fbd7999ea79df8ebc024bf0.sdkstatcache

SwiftDriver PlanYourPerfectDay normal arm64 com.apple.xcode.tools.swift.compiler (in target 'PlanYourPerfectDay' from project 'PlanYourPerfectDay')
    cd /Users/carlos/LondonDayPlanner-1/ios-native/.swiftpm/xcode
    builtin-SwiftDriver -- /Applications/Xcode.app/Contents/Developer/Toolchains/XcodeDefault.xctoolchain/usr/bin/swiftc -module-name PlanYourPerfectDay -Onone -enforce-exclusivity\=checked @/Users/carlos/LondonDayPlanner-1/ios-native/.build/Build/Intermediates.noindex/PlanYourPerfectDay.build/Debug-iphonesimulator/PlanYourPerfectDay.build/Objects-normal/arm64/PlanYourPerfectDay.SwiftFileList -DSWIFT_PACKAGE -DDEBUG -DSWIFT_MODULE_RESOURCE_BUNDLE_AVAILABLE -DXcode -plugin-path /Applications/Xcode.app/Contents/Developer/Toolchains/XcodeDefault.xctoolchain/usr/lib/swift/host/plugins/testing -enable-experimental-feature DebugDescriptionMacro -sdk /Applications/Xcode.app/Contents/Developer/Platforms/iPhoneSimulator.platform/Developer/SDKs/iPhoneSimulator26.2.sdk -target arm64-apple-ios26.0-simulator -g -module-cache-path /Users/carlos/LondonDayPlanner-1/ios-native/.build/ModuleCache.noindex -Xfrontend -serialize-debugging-options -profile-coverage-mapping -profile-generate -enable-testing -index-store-path /Users/carlos/LondonDayPlanner-1/ios-native/.build/Index.noindex/DataStore -Xcc -D_LIBCPP_HARDENING_MODE\=_LIBCPP_HARDENING_MODE_DEBUG -swift-version 6 -I /Users/carlos/LondonDayPlanner-1/ios-native/.build/Build/Products/Debug-iphonesimulator -Isystem /Applications/Xcode.app/Contents/Developer/Platforms/iPhoneSimulator.platform/Developer/usr/lib -F /Users/carlos/LondonDayPlanner-1/ios-native/.build/Build/Products/Debug-iphonesimulator/PackageFrameworks -F /Users/carlos/LondonDayPlanner-1/ios-native/.build/Build/Products/Debug-iphonesimulator/PackageFrameworks -F /Users/carlos/LondonDayPlanner-1/ios-native/.build/Build/Products/Debug-iphonesimulator -F /Applications/Xcode.app/Contents/Developer/Platforms/iPhoneSimulator.platform/Developer/Library/Frameworks -F /Applications/Xcode.app/Contents/Developer/Platforms/iPhoneSimulator.platform/Developer/SDKs/iPhoneSimulator26.2.sdk/Developer/Library/Frameworks -c -j10 -enable-batch-mode -incremental -Xcc -ivfsstatcache -Xcc /Users/carlos/LondonDayPlanner-1/ios-native/.build/SDKStatCaches.noindex/iphonesimulator26.2-23C53-7d00a8b37fbd7999ea79df8ebc024bf0.sdkstatcache -output-file-map /Users/carlos/LondonDayPlanner-1/ios-native/.build/Build/Intermediates.noindex/PlanYourPerfectDay.build/Debug-iphonesimulator/PlanYourPerfectDay.build/Objects-normal/arm64/PlanYourPerfectDay-OutputFileMap.json -use-frontend-parseable-output -save-temps -no-color-diagnostics -explicit-module-build -module-cache-path /Users/carlos/LondonDayPlanner-1/ios-native/.build/Build/Intermediates.noindex/SwiftExplicitPrecompiledModules -clang-scanner-module-cache-path /Users/carlos/LondonDayPlanner-1/ios-native/.build/ModuleCache.noindex -sdk-module-cache-path /Users/carlos/LondonDayPlanner-1/ios-native/.build/ModuleCache.noindex -serialize-diagnostics -emit-dependencies -emit-module -emit-module-path /Users/carlos/LondonDayPlanner-1/ios-native/.build/Build/Intermediates.noindex/PlanYourPerfectDay.build/Debug-iphonesimulator/PlanYourPerfectDay.build/Objects-normal/arm64/PlanYourPerfectDay.swiftmodule -validate-clang-modules-once -clang-build-session-file /Users/carlos/LondonDayPlanner-1/ios-native/.build/ModuleCache.noindex/Session.modulevalidation -package-name ios_native -emit-const-values -Xfrontend -const-gather-protocols-file -Xfrontend /Users/carlos/LondonDayPlanner-1/ios-native/.build/Build/Intermediates.noindex/PlanYourPerfectDay.build/Debug-iphonesimulator/PlanYourPerfectDay.build/Objects-normal/arm64/PlanYourPerfectDay_const_extract_protocols.json -Xcc -I/Users/carlos/LondonDayPlanner-1/ios-native/.build/Build/Products/Debug-iphonesimulator/include -Xcc -I/Users/carlos/LondonDayPlanner-1/ios-native/.build/Build/Intermediates.noindex/PlanYourPerfectDay.build/Debug-iphonesimulator/PlanYourPerfectDay.build/DerivedSources-normal/arm64 -Xcc -I/Users/carlos/LondonDayPlanner-1/ios-native/.build/Build/Intermediates.noindex/PlanYourPerfectDay.build/Debug-iphonesimulator/PlanYourPerfectDay.build/DerivedSources/arm64 -Xcc -I/Users/carlos/LondonDayPlanner-1/ios-native/.build/Build/Intermediates.noindex/PlanYourPerfectDay.build/Debug-iphonesimulator/PlanYourPerfectDay.build/DerivedSources -Xcc -DSWIFT_PACKAGE -Xcc -DDEBUG\=1 -working-directory /Users/carlos/LondonDayPlanner-1/ios-native/.swiftpm/xcode -experimental-emit-module-separately -disable-cmo

SwiftCompile normal arm64 Compiling\ GlassButton.swift /Users/carlos/LondonDayPlanner-1/ios-native/Sources/DesignSystem/Components/GlassButton.swift (in target 'PlanYourPerfectDay' from project 'PlanYourPerfectDay')

SwiftCompile normal arm64 /Users/carlos/LondonDayPlanner-1/ios-native/Sources/DesignSystem/Components/GlassButton.swift (in target 'PlanYourPerfectDay' from project 'PlanYourPerfectDay')
    cd /Users/carlos/LondonDayPlanner-1/ios-native/.swiftpm/xcode
    

SwiftCompile normal arm64 Compiling\ MapView.swift /Users/carlos/LondonDayPlanner-1/ios-native/Sources/Views/MapView.swift (in target 'PlanYourPerfectDay' from project 'PlanYourPerfectDay')

SwiftCompile normal arm64 /Users/carlos/LondonDayPlanner-1/ios-native/Sources/Views/MapView.swift (in target 'PlanYourPerfectDay' from project 'PlanYourPerfectDay')
    cd /Users/carlos/LondonDayPlanner-1/ios-native/.swiftpm/xcode
    

SwiftCompile normal arm64 Compiling\ ItineraryView.swift /Users/carlos/LondonDayPlanner-1/ios-native/Sources/Views/ItineraryView.swift (in target 'PlanYourPerfectDay' from project 'PlanYourPerfectDay')
SwiftCompile normal arm64 /Users/carlos/LondonDayPlanner-1/ios-native/Sources/Views/ItineraryView.swift (in target 'PlanYourPerfectDay' from project 'PlanYourPerfectDay')
    cd /Users/carlos/LondonDayPlanner-1/ios-native/.swiftpm/xcode
    

SwiftEmitModule normal arm64 Emitting\ module\ for\ PlanYourPerfectDay (in target 'PlanYourPerfectDay' from project 'PlanYourPerfectDay')

EmitSwiftModule normal arm64 (in target 'PlanYourPerfectDay' from project 'PlanYourPerfectDay')
    cd /Users/carlos/LondonDayPlanner-1/ios-native/.swiftpm/xcode
    

SwiftCompile normal arm64 Compiling\ SplashScreenView.swift /Users/carlos/LondonDayPlanner-1/ios-native/Sources/Views/SplashScreenView.swift (in target 'PlanYourPerfectDay' from project 'PlanYourPerfectDay')

SwiftCompile normal arm64 /Users/carlos/LondonDayPlanner-1/ios-native/Sources/Views/SplashScreenView.swift (in target 'PlanYourPerfectDay' from project 'PlanYourPerfectDay')
    cd /Users/carlos/LondonDayPlanner-1/ios-native/.swiftpm/xcode
    

SwiftCompile normal arm64 Compiling\ TripsView.swift /Users/carlos/LondonDayPlanner-1/ios-native/Sources/Views/TripsView.swift (in target 'PlanYourPerfectDay' from project 'PlanYourPerfectDay')

SwiftCompile normal arm64 /Users/carlos/LondonDayPlanner-1/ios-native/Sources/Views/TripsView.swift (in target 'PlanYourPerfectDay' from project 'PlanYourPerfectDay')
    cd /Users/carlos/LondonDayPlanner-1/ios-native/.swiftpm/xcode
    

SwiftCompile normal arm64 Compiling\ SettingsView.swift /Users/carlos/LondonDayPlanner-1/ios-native/Sources/Views/SettingsView.swift (in target 'PlanYourPerfectDay' from project 'PlanYourPerfectDay')

SwiftCompile normal arm64 /Users/carlos/LondonDayPlanner-1/ios-native/Sources/Views/SettingsView.swift (in target 'PlanYourPerfectDay' from project 'PlanYourPerfectDay')
    cd /Users/carlos/LondonDayPlanner-1/ios-native/.swiftpm/xcode
    

SwiftCompile normal arm64 Compiling\ ExploreView.swift /Users/carlos/LondonDayPlanner-1/ios-native/Sources/Views/ExploreView.swift (in target 'PlanYourPerfectDay' from project 'PlanYourPerfectDay')

SwiftCompile normal arm64 /Users/carlos/LondonDayPlanner-1/ios-native/Sources/Views/ExploreView.swift (in target 'PlanYourPerfectDay' from project 'PlanYourPerfectDay')
    cd /Users/carlos/LondonDayPlanner-1/ios-native/.swiftpm/xcode
    

SwiftCompile normal arm64 Compiling\ HomeView.swift /Users/carlos/LondonDayPlanner-1/ios-native/Sources/Views/HomeView.swift (in target 'PlanYourPerfectDay' from project 'PlanYourPerfectDay')
Failed frontend command:
/Applications/Xcode.app/Contents/Developer/Toolchains/XcodeDefault.xctoolchain/usr/bin/swift-frontend -frontend -c /Users/carlos/LondonDayPlanner-1/ios-native/.build/Build/Intermediates.noindex/PlanYourPerfectDay.build/Debug-iphonesimulator/PlanYourPerfectDay.build/DerivedSources/resource_bundle_accessor.swift /Users/carlos/LondonDayPlanner-1/ios-native/Sources/App/ContentView.swift /Users/carlos/LondonDayPlanner-1/ios-native/Sources/App/main.swift /Users/carlos/LondonDayPlanner-1/ios-native/Sources/DesignSystem/Components/GlassButton.swift /Users/carlos/LondonDayPlanner-1/ios-native/Sources/DesignSystem/Components/GlassCard.swift /Users/carlos/LondonDayPlanner-1/ios-native/Sources/DesignSystem/Components/GlassTextField.swift /Users/carlos/LondonDayPlanner-1/ios-native/Sources/DesignSystem/Components/HomeAmbientBackground.swift /Users/carlos/LondonDayPlanner-1/ios-native/Sources/DesignSystem/Components/LiquidBackground.swift /Users/carlos/LondonDayPlanner-1/ios-native/Sources/DesignSystem/DesignTokens.swift /Users/carlos/LondonDayPlanner-1/ios-native/Sources/Models/Models.swift /Users/carlos/LondonDayPlanner-1/ios-native/Sources/Services/APIClient.swift /Users/carlos/LondonDayPlanner-1/ios-native/Sources/Services/CalendarService.swift /Users/carlos/LondonDayPlanner-1/ios-native/Sources/Services/CityManager.swift /Users/carlos/LondonDayPlanner-1/ios-native/Sources/Services/LocationManager.swift /Users/carlos/LondonDayPlanner-1/ios-native/Sources/Services/NetworkMonitor.swift /Users/carlos/LondonDayPlanner-1/ios-native/Sources/Services/PDFService.swift /Users/carlos/LondonDayPlanner-1/ios-native/Sources/Services/WeatherService.swift /Users/carlos/LondonDayPlanner-1/ios-native/Sources/Views/Components/ActivityViewController.swift /Users/carlos/LondonDayPlanner-1/ios-native/Sources/Views/ExploreView.swift -primary-file /Users/carlos/LondonDayPlanner-1/ios-native/Sources/Views/HomeView.swift /Users/carlos/LondonDayPlanner-1/ios-native/Sources/Views/ItineraryView.swift /Users/carlos/LondonDayPlanner-1/ios-native/Sources/Views/MapView.swift /Users/carlos/LondonDayPlanner-1/ios-native/Sources/Views/SettingsView.swift /Users/carlos/LondonDayPlanner-1/ios-native/Sources/Views/SplashScreenView.swift /Users/carlos/LondonDayPlanner-1/ios-native/Sources/Views/TripsView.swift -emit-dependencies-path /Users/carlos/LondonDayPlanner-1/ios-native/.build/Build/Intermediates.noindex/PlanYourPerfectDay.build/Debug-iphonesimulator/PlanYourPerfectDay.build/Objects-normal/arm64/HomeView.d -emit-const-values-path /Users/carlos/LondonDayPlanner-1/ios-native/.build/Build/Intermediates.noindex/PlanYourPerfectDay.build/Debug-iphonesimulator/PlanYourPerfectDay.build/Objects-normal/arm64/HomeView.swiftconstvalues -emit-reference-dependencies-path /Users/carlos/LondonDayPlanner-1/ios-native/.build/Build/Intermediates.noindex/PlanYourPerfectDay.build/Debug-iphonesimulator/PlanYourPerfectDay.build/Objects-normal/arm64/HomeView.swiftdeps -serialize-diagnostics-path /Users/carlos/LondonDayPlanner-1/ios-native/.build/Build/Intermediates.noindex/PlanYourPerfectDay.build/Debug-iphonesimulator/PlanYourPerfectDay.build/Objects-normal/arm64/HomeView.dia -target arm64-apple-ios26.0-simulator -disable-cross-import-overlay-search -swift-module-cross-import MapKit /Applications/Xcode.app/Contents/Developer/Platforms/iPhoneSimulator.platform/Developer/SDKs/iPhoneSimulator.sdk/System/Library/Frameworks/MapKit.framework/Modules/MapKit.swiftcrossimport/SwiftUI.swiftoverlay -load-resolved-plugin /Applications/Xcode.app/Contents/Developer/Platforms/iPhoneOS.platform/Developer/usr/lib/swift/host/plugins/libFoundationMacros.dylib\#/Applications/Xcode.app/Contents/Developer/Platforms/iPhoneOS.platform/Developer/usr/bin/swift-plugin-server\#FoundationMacros -load-resolved-plugin /Applications/Xcode.app/Contents/Developer/Platforms/iPhoneOS.platform/Developer/usr/lib/swift/host/plugins/libObservationMacros.dylib\#/Applications/Xcode.app/Contents/Developer/Platforms/iPhoneOS.platform/Developer/usr/bin/swift-plugin-server\#ObservationMacros -load-resolved-plugin /Applications/Xcode.app/Contents/Developer/Platforms/iPhoneOS.platform/Developer/usr/lib/swift/host/plugins/libPreviewsMacros.dylib\#/Applications/Xcode.app/Contents/Developer/Platforms/iPhoneOS.platform/Developer/usr/bin/swift-plugin-server\#PreviewsMacros -load-resolved-plugin /Applications/Xcode.app/Contents/Developer/Platforms/iPhoneOS.platform/Developer/usr/lib/swift/host/plugins/libSwiftMacros.dylib\#/Applications/Xcode.app/Contents/Developer/Platforms/iPhoneOS.platform/Developer/usr/bin/swift-plugin-server\#SwiftMacros -load-resolved-plugin /Applications/Xcode.app/Contents/Developer/Platforms/iPhoneOS.platform/Developer/usr/lib/swift/host/plugins/libSwiftUIMacros.dylib\#/Applications/Xcode.app/Contents/Developer/Platforms/iPhoneOS.platform/Developer/usr/bin/swift-plugin-server\#SwiftUIMacros -disable-implicit-swift-modules -Xcc -fno-implicit-modules -Xcc -fno-implicit-module-maps -explicit-swift-module-map-file /Users/carlos/LondonDayPlanner-1/ios-native/.build/Build/Intermediates.noindex/PlanYourPerfectDay.build/Debug-iphonesimulator/PlanYourPerfectDay.build/Objects-normal/arm64/PlanYourPerfectDay-dependencies-1.json -Xllvm -aarch64-use-tbi -enable-objc-interop -sdk /Applications/Xcode.app/Contents/Developer/Platforms/iPhoneSimulator.platform/Developer/SDKs/iPhoneSimulator26.2.sdk -I /Users/carlos/LondonDayPlanner-1/ios-native/.build/Build/Products/Debug-iphonesimulator -Isystem /Applications/Xcode.app/Contents/Developer/Platforms/iPhoneSimulator.platform/Developer/usr/lib -F /Users/carlos/LondonDayPlanner-1/ios-native/.build/Build/Products/Debug-iphonesimulator/PackageFrameworks -F /Users/carlos/LondonDayPlanner-1/ios-native/.build/Build/Products/Debug-iphonesimulator/PackageFrameworks -F /Users/carlos/LondonDayPlanner-1/ios-native/.build/Build/Products/Debug-iphonesimulator -F /Applications/Xcode.app/Contents/Developer/Platforms/iPhoneSimulator.platform/Developer/Library/Frameworks -F /Applications/Xcode.app/Contents/Developer/Platforms/iPhoneSimulator.platform/Developer/SDKs/iPhoneSimulator26.2.sdk/Developer/Library/Frameworks -no-color-diagnostics -Xcc -fno-color-diagnostics -enable-testing -g -debug-info-format\=dwarf -dwarf-version\=5 -module-cache-path /Users/carlos/LondonDayPlanner-1/ios-native/.build/Build/Intermediates.noindex/SwiftExplicitPrecompiledModules -profile-generate -profile-coverage-mapping -swift-version 6 -enforce-exclusivity\=checked -Onone -D SWIFT_PACKAGE -D DEBUG -D SWIFT_MODULE_RESOURCE_BUNDLE_AVAILABLE -D Xcode -serialize-debugging-options -const-gather-protocols-file /Users/carlos/LondonDayPlanner-1/ios-native/.build/Build/Intermediates.noindex/PlanYourPerfectDay.build/Debug-iphonesimulator/PlanYourPerfectDay.build/Objects-normal/arm64/PlanYourPerfectDay_const_extract_protocols.json -enable-experimental-feature DebugDescriptionMacro -empty-abi-descriptor -validate-clang-modules-once -clang-build-session-file /Users/carlos/LondonDayPlanner-1/ios-native/.build/ModuleCache.noindex/Session.modulevalidation -Xcc -working-directory -Xcc /Users/carlos/LondonDayPlanner-1/ios-native/.swiftpm/xcode -enable-anonymous-context-mangled-names -file-compilation-dir /Users/carlos/LondonDayPlanner-1/ios-native/.swiftpm/xcode -Xcc -D_LIBCPP_HARDENING_MODE\=_LIBCPP_HARDENING_MODE_DEBUG -Xcc -ivfsstatcache -Xcc /Users/carlos/LondonDayPlanner-1/ios-native/.build/SDKStatCaches.noindex/iphonesimulator26.2-23C53-7d00a8b37fbd7999ea79df8ebc024bf0.sdkstatcache -Xcc -I/Users/carlos/LondonDayPlanner-1/ios-native/.build/Build/Products/Debug-iphonesimulator/include -Xcc -I/Users/carlos/LondonDayPlanner-1/ios-native/.build/Build/Intermediates.noindex/PlanYourPerfectDay.build/Debug-iphonesimulator/PlanYourPerfectDay.build/DerivedSources-normal/arm64 -Xcc -I/Users/carlos/LondonDayPlanner-1/ios-native/.build/Build/Intermediates.noindex/PlanYourPerfectDay.build/Debug-iphonesimulator/PlanYourPerfectDay.build/DerivedSources/arm64 -Xcc -I/Users/carlos/LondonDayPlanner-1/ios-native/.build/Build/Intermediates.noindex/PlanYourPerfectDay.build/Debug-iphonesimulator/PlanYourPerfectDay.build/DerivedSources -Xcc -DSWIFT_PACKAGE -Xcc -DDEBUG\=1 -no-auto-bridging-header-chaining -module-name PlanYourPerfectDay -package-name ios_native -frontend-parseable-output -disable-clang-spi -target-sdk-version 26.2 -target-sdk-name iphonesimulator26.2 -clang-target arm64-apple-ios26.2-simulator -in-process-plugin-server-path /Applications/Xcode.app/Contents/Developer/Toolchains/XcodeDefault.xctoolchain/usr/lib/swift/host/libSwiftInProcPluginServer.dylib -o /Users/carlos/LondonDayPlanner-1/ios-native/.build/Build/Intermediates.noindex/PlanYourPerfectDay.build/Debug-iphonesimulator/PlanYourPerfectDay.build/Objects-normal/arm64/HomeView.o -index-unit-output-path /PlanYourPerfectDay.build/Debug-iphonesimulator/PlanYourPerfectDay.build/Objects-normal/arm64/HomeView.o -index-store-path /Users/carlos/LondonDayPlanner-1/ios-native/.build/Index.noindex/DataStore -index-system-modules

SwiftCompile normal arm64 /Users/carlos/LondonDayPlanner-1/ios-native/Sources/Views/HomeView.swift (in target 'PlanYourPerfectDay' from project 'PlanYourPerfectDay')
    cd /Users/carlos/LondonDayPlanner-1/ios-native/.swiftpm/xcode
    
/Users/carlos/LondonDayPlanner-1/ios-native/Sources/Views/HomeView.swift:121:32: error: cannot convert value of type 'FocusState<Bool>' to expected argument type 'FocusState<Bool>.Binding'
                    isFocused: _isInputFocused
                               ^

SwiftCompile normal arm64 Compiling\ GlassTextField.swift /Users/carlos/LondonDayPlanner-1/ios-native/Sources/DesignSystem/Components/GlassTextField.swift (in target 'PlanYourPerfectDay' from project 'PlanYourPerfectDay')

SwiftCompile normal arm64 /Users/carlos/LondonDayPlanner-1/ios-native/Sources/DesignSystem/Components/GlassTextField.swift (in target 'PlanYourPerfectDay' from project 'PlanYourPerfectDay')
    cd /Users/carlos/LondonDayPlanner-1/ios-native/.swiftpm/xcode
    

SwiftDriverJobDiscovery normal arm64 Compiling SplashScreenView.swift (in target 'PlanYourPerfectDay' from project 'PlanYourPerfectDay')

SwiftDriverJobDiscovery normal arm64 Compiling TripsView.swift (in target 'PlanYourPerfectDay' from project 'PlanYourPerfectDay')

SwiftDriverJobDiscovery normal arm64 Compiling GlassTextField.swift (in target 'PlanYourPerfectDay' from project 'PlanYourPerfectDay')

SwiftDriverJobDiscovery normal arm64 Compiling SettingsView.swift (in target 'PlanYourPerfectDay' from project 'PlanYourPerfectDay')

** BUILD FAILED **


The following build commands failed:
	SwiftCompile normal arm64 Compiling\ HomeView.swift /Users/carlos/LondonDayPlanner-1/ios-native/Sources/Views/HomeView.swift (in target 'PlanYourPerfectDay' from project 'PlanYourPerfectDay')
	SwiftCompile normal arm64 /Users/carlos/LondonDayPlanner-1/ios-native/Sources/Views/HomeView.swift (in target 'PlanYourPerfectDay' from project 'PlanYourPerfectDay')
	Building workspace ios-native with scheme PlanYourPerfectDay
(3 failures)
