[debug] [2026-01-23T10:39:57.077Z] ----------------------------------------------------------------------
[debug] [2026-01-23T10:39:57.080Z] Command:       /Users/carlos/.nvm/versions/node/v20.9.0/bin/node /Users/carlos/.nvm/versions/node/v20.9.0/bin/firebase projects:list
[debug] [2026-01-23T10:39:57.080Z] CLI Version:   14.15.2
[debug] [2026-01-23T10:39:57.080Z] Platform:      darwin
[debug] [2026-01-23T10:39:57.080Z] Node Version:  v20.9.0
[debug] [2026-01-23T10:39:57.080Z] Time:          Fri Jan 23 2026 18:39:57 GMT+0800 (Central Standard Time)
[debug] [2026-01-23T10:39:57.081Z] ----------------------------------------------------------------------
[debug] 
[debug] [2026-01-23T10:39:57.083Z] >>> [apiv2][query] GET https://firebase-public.firebaseio.com/cli.json [none]
[debug] [2026-01-23T10:39:57.244Z] > command requires scopes: ["email","openid","https://www.googleapis.com/auth/cloudplatformprojects.readonly","https://www.googleapis.com/auth/firebase","https://www.googleapis.com/auth/cloud-platform"]
[debug] [2026-01-23T10:39:59.355Z] Running auto auth
[debug] [2026-01-23T10:39:59.358Z] No OAuth tokens found
[debug] [2026-01-23T10:39:59.358Z] >>> [apiv2][query] GET https://firebase.googleapis.com/v1beta1/projects pageSize=1000
[debug] [2026-01-23T10:39:59.384Z] <<< [apiv2][status] GET https://firebase-public.firebaseio.com/cli.json 200
[debug] [2026-01-23T10:39:59.384Z] <<< [apiv2][body] GET https://firebase-public.firebaseio.com/cli.json {"cloudBuildErrorAfter":1594252800000,"cloudBuildWarnAfter":1590019200000,"defaultNode10After":1594252800000,"minVersion":"3.0.5","node8DeploysDisabledAfter":1613390400000,"node8RuntimeDisabledAfter":1615809600000,"node8WarnAfter":1600128000000}
[debug] [2026-01-23T10:40:06.645Z] <<< [apiv2][status] GET https://firebase.googleapis.com/v1beta1/projects 403
[debug] [2026-01-23T10:40:06.645Z] <<< [apiv2][body] GET https://firebase.googleapis.com/v1beta1/projects [omitted]
[debug] [2026-01-23T10:40:06.645Z] Request to https://firebase.googleapis.com/v1beta1/projects?pageSize=1000 had HTTP Error: 403, Firebase Management API has not been used in project 502853342513 before or it is disabled. Enable it by visiting https://console.developers.google.com/apis/api/firebase.googleapis.com/overview?project=502853342513 then retry. If you enabled this API recently, wait a few minutes for the action to propagate to our systems and retry.
[debug] [2026-01-23T10:40:08.970Z] FirebaseError: Request to https://firebase.googleapis.com/v1beta1/projects?pageSize=1000 had HTTP Error: 403, Firebase Management API has not been used in project 502853342513 before or it is disabled. Enable it by visiting https://console.developers.google.com/apis/api/firebase.googleapis.com/overview?project=502853342513 then retry. If you enabled this API recently, wait a few minutes for the action to propagate to our systems and retry.
    at responseToError (/Users/carlos/.nvm/versions/node/v20.9.0/lib/node_modules/firebase-tools/lib/responseToError.js:52:12)
    at RetryOperation._fn (/Users/carlos/.nvm/versions/node/v20.9.0/lib/node_modules/firebase-tools/lib/apiv2.js:312:77)
    at process.processTicksAndRejections (node:internal/process/task_queues:95:5)
[error] 
[error] Error: Failed to list Firebase projects. See firebase-debug.log for more info.
